// Jest Snapshot v1, https://goo.gl/fbAQLP

exports[`MapLoader.vue matches snapshot 1`] = `
<div>
  <!---->
  <div class="map-container">
    <div id="map" class="map"></div>
  </div>
</div>
`;
