// Jest Snapshot v1, https://goo.gl/fbAQLP

exports[`StoreLocator.vue matches snapshot 1`] = `<div class="sidebar"></div>`;
